Archive member included to satisfy reference by file (symbol)

c:/ac6/systemworkbench/plugins/fr.ac6.mcu.externaltools.arm-none.win32_1.15.0.201708311556/tools/compiler/bin/../lib/gcc/arm-none-eabi/6.3.1/../../../../arm-none-eabi/lib/thumb/v7e-m/fpv4-sp/hard\libc.a(lib_a-errno.o)
                              src/syscalls.o (__errno)
c:/ac6/systemworkbench/plugins/fr.ac6.mcu.externaltools.arm-none.win32_1.15.0.201708311556/tools/compiler/bin/../lib/gcc/arm-none-eabi/6.3.1/../../../../arm-none-eabi/lib/thumb/v7e-m/fpv4-sp/hard\libc.a(lib_a-exit.o)
                              c:/ac6/systemworkbench/plugins/fr.ac6.mcu.externaltools.arm-none.win32_1.15.0.201708311556/tools/compiler/bin/../lib/gcc/arm-none-eabi/6.3.1/../../../../arm-none-eabi/lib/thumb/v7e-m/fpv4-sp/hard/crt0.o (exit)
c:/ac6/systemworkbench/plugins/fr.ac6.mcu.externaltools.arm-none.win32_1.15.0.201708311556/tools/compiler/bin/../lib/gcc/arm-none-eabi/6.3.1/../../../../arm-none-eabi/lib/thumb/v7e-m/fpv4-sp/hard\libc.a(lib_a-impure.o)
                              c:/ac6/systemworkbench/plugins/fr.ac6.mcu.externaltools.arm-none.win32_1.15.0.201708311556/tools/compiler/bin/../lib/gcc/arm-none-eabi/6.3.1/../../../../arm-none-eabi/lib/thumb/v7e-m/fpv4-sp/hard\libc.a(lib_a-exit.o) (_global_impure_ptr)
c:/ac6/systemworkbench/plugins/fr.ac6.mcu.externaltools.arm-none.win32_1.15.0.201708311556/tools/compiler/bin/../lib/gcc/arm-none-eabi/6.3.1/../../../../arm-none-eabi/lib/thumb/v7e-m/fpv4-sp/hard\libc.a(lib_a-init.o)
                              c:/ac6/systemworkbench/plugins/fr.ac6.mcu.externaltools.arm-none.win32_1.15.0.201708311556/tools/compiler/bin/../lib/gcc/arm-none-eabi/6.3.1/../../../../arm-none-eabi/lib/thumb/v7e-m/fpv4-sp/hard/crt0.o (__libc_init_array)
c:/ac6/systemworkbench/plugins/fr.ac6.mcu.externaltools.arm-none.win32_1.15.0.201708311556/tools/compiler/bin/../lib/gcc/arm-none-eabi/6.3.1/../../../../arm-none-eabi/lib/thumb/v7e-m/fpv4-sp/hard\libc.a(lib_a-malloc.o)
                              src/tm_stm32f4_delay.o (malloc)
c:/ac6/systemworkbench/plugins/fr.ac6.mcu.externaltools.arm-none.win32_1.15.0.201708311556/tools/compiler/bin/../lib/gcc/arm-none-eabi/6.3.1/../../../../arm-none-eabi/lib/thumb/v7e-m/fpv4-sp/hard\libc.a(lib_a-mallocr.o)
                              c:/ac6/systemworkbench/plugins/fr.ac6.mcu.externaltools.arm-none.win32_1.15.0.201708311556/tools/compiler/bin/../lib/gcc/arm-none-eabi/6.3.1/../../../../arm-none-eabi/lib/thumb/v7e-m/fpv4-sp/hard\libc.a(lib_a-malloc.o) (_malloc_r)
c:/ac6/systemworkbench/plugins/fr.ac6.mcu.externaltools.arm-none.win32_1.15.0.201708311556/tools/compiler/bin/../lib/gcc/arm-none-eabi/6.3.1/../../../../arm-none-eabi/lib/thumb/v7e-m/fpv4-sp/hard\libc.a(lib_a-memset.o)
                              c:/ac6/systemworkbench/plugins/fr.ac6.mcu.externaltools.arm-none.win32_1.15.0.201708311556/tools/compiler/bin/../lib/gcc/arm-none-eabi/6.3.1/../../../../arm-none-eabi/lib/thumb/v7e-m/fpv4-sp/hard/crt0.o (memset)
c:/ac6/systemworkbench/plugins/fr.ac6.mcu.externaltools.arm-none.win32_1.15.0.201708311556/tools/compiler/bin/../lib/gcc/arm-none-eabi/6.3.1/../../../../arm-none-eabi/lib/thumb/v7e-m/fpv4-sp/hard\libc.a(lib_a-mlock.o)
                              c:/ac6/systemworkbench/plugins/fr.ac6.mcu.externaltools.arm-none.win32_1.15.0.201708311556/tools/compiler/bin/../lib/gcc/arm-none-eabi/6.3.1/../../../../arm-none-eabi/lib/thumb/v7e-m/fpv4-sp/hard\libc.a(lib_a-mallocr.o) (__malloc_lock)
c:/ac6/systemworkbench/plugins/fr.ac6.mcu.externaltools.arm-none.win32_1.15.0.201708311556/tools/compiler/bin/../lib/gcc/arm-none-eabi/6.3.1/../../../../arm-none-eabi/lib/thumb/v7e-m/fpv4-sp/hard\libc.a(lib_a-sbrkr.o)
                              c:/ac6/systemworkbench/plugins/fr.ac6.mcu.externaltools.arm-none.win32_1.15.0.201708311556/tools/compiler/bin/../lib/gcc/arm-none-eabi/6.3.1/../../../../arm-none-eabi/lib/thumb/v7e-m/fpv4-sp/hard\libc.a(lib_a-mallocr.o) (_sbrk_r)
c:/ac6/systemworkbench/plugins/fr.ac6.mcu.externaltools.arm-none.win32_1.15.0.201708311556/tools/compiler/bin/../lib/gcc/arm-none-eabi/6.3.1/../../../../arm-none-eabi/lib/thumb/v7e-m/fpv4-sp/hard\libc.a(lib_a-__call_atexit.o)
                              c:/ac6/systemworkbench/plugins/fr.ac6.mcu.externaltools.arm-none.win32_1.15.0.201708311556/tools/compiler/bin/../lib/gcc/arm-none-eabi/6.3.1/../../../../arm-none-eabi/lib/thumb/v7e-m/fpv4-sp/hard\libc.a(lib_a-exit.o) (__call_exitprocs)
c:/ac6/systemworkbench/plugins/fr.ac6.mcu.externaltools.arm-none.win32_1.15.0.201708311556/tools/compiler/bin/../lib/gcc/arm-none-eabi/6.3.1/../../../../arm-none-eabi/lib/thumb/v7e-m/fpv4-sp/hard\libc.a(lib_a-atexit.o)
                              c:/ac6/systemworkbench/plugins/fr.ac6.mcu.externaltools.arm-none.win32_1.15.0.201708311556/tools/compiler/bin/../lib/gcc/arm-none-eabi/6.3.1/../../../../arm-none-eabi/lib/thumb/v7e-m/fpv4-sp/hard\libc.a(lib_a-__call_atexit.o) (atexit)
[...]
Memory Configuration

Name             Origin             Length             Attributes
FLASH            0x08000000         0x00100000         xr
RAM              0x20000000         0x00030000         xrw
MEMORY_B1        0x60000000         0x00000000         xr
*default*        0x00000000         0xffffffff

Linker script and memory map

LOAD c:/ac6/systemworkbench/plugins/fr.ac6.mcu.externaltools.arm-none.win32_1.15.0.201708311556/tools/compiler/bin/../lib/gcc/arm-none-eabi/6.3.1/thumb/v7e-m/fpv4-sp/hard/crti.o
LOAD c:/ac6/systemworkbench/plugins/fr.ac6.mcu.externaltools.arm-none.win32_1.15.0.201708311556/tools/compiler/bin/../lib/gcc/arm-none-eabi/6.3.1/thumb/v7e-m/fpv4-sp/hard/crtbegin.o
LOAD c:/ac6/systemworkbench/plugins/fr.ac6.mcu.externaltools.arm-none.win32_1.15.0.201708311556/tools/compiler/bin/../lib/gcc/arm-none-eabi/6.3.1/../../../../arm-none-eabi/lib/thumb/v7e-m/fpv4-sp/hard/crt0.o
LOAD StdPeriph_Driver/src/misc.o
LOAD StdPeriph_Driver/src/stm32f4xx_adc.o
LOAD StdPeriph_Driver/src/stm32f4xx_can.o
LOAD StdPeriph_Driver/src/stm32f4xx_crc.o
LOAD StdPeriph_Driver/src/stm32f4xx_cryp.o
LOAD StdPeriph_Driver/src/stm32f4xx_cryp_aes.o
LOAD StdPeriph_Driver/src/stm32f4xx_cryp_des.o
LOAD StdPeriph_Driver/src/stm32f4xx_cryp_tdes.o
LOAD StdPeriph_Driver/src/stm32f4xx_dac.o
LOAD StdPeriph_Driver/src/stm32f4xx_dbgmcu.o
LOAD StdPeriph_Driver/src/stm32f4xx_dcmi.o
LOAD StdPeriph_Driver/src/stm32f4xx_dma.o
LOAD StdPeriph_Driver/src/stm32f4xx_exti.o
LOAD StdPeriph_Driver/src/stm32f4xx_flash.o
LOAD StdPeriph_Driver/src/stm32f4xx_fsmc.o
LOAD StdPeriph_Driver/src/stm32f4xx_gpio.o
LOAD StdPeriph_Driver/src/stm32f4xx_hash.o
LOAD StdPeriph_Driver/src/stm32f4xx_hash_md5.o
LOAD StdPeriph_Driver/src/stm32f4xx_hash_sha1.o
LOAD StdPeriph_Driver/src/stm32f4xx_i2c.o
LOAD StdPeriph_Driver/src/stm32f4xx_iwdg.o
LOAD StdPeriph_Driver/src/stm32f4xx_pwr.o
LOAD StdPeriph_Driver/src/stm32f4xx_rcc.o
LOAD StdPeriph_Driver/src/stm32f4xx_rng.o
LOAD StdPeriph_Driver/src/stm32f4xx_rtc.o
LOAD StdPeriph_Driver/src/stm32f4xx_sdio.o
LOAD StdPeriph_Driver/src/stm32f4xx_spi.o
LOAD StdPeriph_Driver/src/stm32f4xx_syscfg.o
LOAD StdPeriph_Driver/src/stm32f4xx_tim.o
LOAD StdPeriph_Driver/src/stm32f4xx_usart.o
LOAD StdPeriph_Driver/src/stm32f4xx_wwdg.o
LOAD Utilities/stm32f4_discovery.o
LOAD Utilities/stm32f4_discovery_lis302dl.o
LOAD src/main.o
LOAD src/syscalls.o
LOAD src/system_stm32f4xx.o
LOAD src/tm_stm32f4_delay.o
LOAD src/tm_stm32f4_gpio.o
LOAD src/tm_stm32f4_pcd8544.o
LOAD src/tm_stm32f4_spi.o
LOAD startup/startup_stm32f4xx.o
LOAD c:/ac6/systemworkbench/plugins/fr.ac6.mcu.externaltools.arm-none.win32_1.15.0.201708311556/tools/compiler/bin/../lib/gcc/arm-none-eabi/6.3.1/../../../../arm-none-eabi/lib/thumb/v7e-m/fpv4-sp/hard\libm.a
START GROUP
LOAD c:/ac6/systemworkbench/plugins/fr.ac6.mcu.externaltools.arm-none.win32_1.15.0.201708311556/tools/compiler/bin/../lib/gcc/arm-none-eabi/6.3.1/thumb/v7e-m/fpv4-sp/hard\libgcc.a
LOAD c:/ac6/systemworkbench/plugins/fr.ac6.mcu.externaltools.arm-none.win32_1.15.0.201708311556/tools/compiler/bin/../lib/gcc/arm-none-eabi/6.3.1/../../../../arm-none-eabi/lib/thumb/v7e-m/fpv4-sp/hard\libc.a
END GROUP
LOAD c:/ac6/systemworkbench/plugins/fr.ac6.mcu.externaltools.arm-none.win32_1.15.0.201708311556/tools/compiler/bin/../lib/gcc/arm-none-eabi/6.3.1/thumb/v7e-m/fpv4-sp/hard/crtend.o
LOAD c:/ac6/systemworkbench/plugins/fr.ac6.mcu.externaltools.arm-none.win32_1.15.0.201708311556/tools/compiler/bin/../lib/gcc/arm-none-eabi/6.3.1/thumb/v7e-m/fpv4-sp/hard/crtn.o
                0x20020000                _estack = 0x20020000
                0x00000000                _Min_Heap_Size = 0x0
                0x00000400                _Min_Stack_Size = 0x400

.isr_vector     0x08000000      0x188
                0x08000000                . = ALIGN (0x4)
 *(.isr_vector)
 .isr_vector    0x08000000      0x188 startup/startup_stm32f4xx.o
                0x08000000                g_pfnVectors
                0x08000188                . = ALIGN (0x4)

.text           0x08000188     0x31c8
                0x08000188                . = ALIGN (0x4)
 *(.text)
 .text          0x08000188       0x6c c:/ac6/systemworkbench/plugins/fr.ac6.mcu.externaltools.arm-none.win32_1.15.0.201708311556/tools/compiler/bin/../lib/gcc/arm-none-eabi/6.3.1/thumb/v7e-m/fpv4-sp/hard/crtbegin.o
 *(.text*)
 .text.NVIC_PriorityGroupConfig
                0x080001f4       0x28 StdPeriph_Driver/src/misc.o
                0x080001f4                NVIC_PriorityGroupConfig
 .text.NVIC_Init
                0x0800021c       0xc4 StdPeriph_Driver/src/misc.o
                0x0800021c                NVIC_Init
 .text.GPIO_Init
                0x080002e0      0x11c StdPeriph_Driver/src/stm32f4xx_gpio.o
                0x080002e0                GPIO_Init
 .text.GPIO_SetBits
                0x080003fc       0x1e StdPeriph_Driver/src/stm32f4xx_gpio.o
                0x080003fc                GPIO_SetBits
 .text.GPIO_ResetBits
                0x0800041a       0x1e StdPeriph_Driver/src/stm32f4xx_gpio.o
                0x0800041a                GPIO_ResetBits
 .text.GPIO_PinAFConfig
                0x08000438       0x92 StdPeriph_Driver/src/stm32f4xx_gpio.o
                0x08000438                GPIO_PinAFConfig
 *fill*         0x080004ca        0x2 
 .text.RCC_GetClocksFreq
                0x080004cc      0x150 StdPeriph_Driver/src/stm32f4xx_rcc.o
                0x080004cc                RCC_GetClocksFreq
 .text.RCC_AHB1PeriphClockCmd
                0x0800061c       0x40 StdPeriph_Driver/src/stm32f4xx_rcc.o
                0x0800061c                RCC_AHB1PeriphClockCmd
 .text.RCC_APB1PeriphClockCmd
                0x0800065c       0x40 StdPeriph_Driver/src/stm32f4xx_rcc.o
                0x0800065c                RCC_APB1PeriphClockCmd
 .text.SPI_Init
                0x0800069c       0x88 StdPeriph_Driver/src/stm32f4xx_spi.o
                0x0800069c                SPI_Init
 .text.SPI_StructInit
                0x08000724       0x4a StdPeriph_Driver/src/stm32f4xx_spi.o
                0x08000724                SPI_StructInit
 *fill*         0x0800076e        0x2 
 .text.TIM_TimeBaseInit
                0x08000770       0xd8 StdPeriph_Driver/src/stm32f4xx_tim.o
                0x08000770                TIM_TimeBaseInit
 .text.TIM_Cmd  0x08000848       0x40 StdPeriph_Driver/src/stm32f4xx_tim.o
                0x08000848                TIM_Cmd
 .text.TIM_ITConfig
                0x08000888       0x48 StdPeriph_Driver/src/stm32f4xx_tim.o
                0x08000888                TIM_ITConfig
 .text.TIM_GetITStatus
                0x080008d0       0x54 StdPeriph_Driver/src/stm32f4xx_tim.o
                0x080008d0                TIM_GetITStatus
 .text.TIM_ClearITPendingBit
                0x08000924       0x22 StdPeriph_Driver/src/stm32f4xx_tim.o
                0x08000924                TIM_ClearITPendingBit
 *fill*         0x08000946        0x2 
 .text.USART_Init
                0x08000948      0x174 StdPeriph_Driver/src/stm32f4xx_usart.o
                0x08000948                USART_Init
 .text.USART_Cmd
                0x08000abc       0x40 StdPeriph_Driver/src/stm32f4xx_usart.o
                0x08000abc                USART_Cmd
 .text.USART_ITConfig
                0x08000afc       0x90 StdPeriph_Driver/src/stm32f4xx_usart.o
                0x08000afc                USART_ITConfig
 .text.USART_GetITStatus
                0x08000b8c       0xb6 StdPeriph_Driver/src/stm32f4xx_usart.o
                0x08000b8c                USART_GetITStatus
 *fill*         0x08000c42        0x2 
 .text.NVIC_EnableIRQ
                0x08000c44       0x34 src/main.o
 .text.init_NVIC
                0x08000c78      0x15c src/main.o
                0x08000c78                init_NVIC
 .text.main     0x08000dd4       0x34 src/main.o
                0x08000dd4                main
 .text.clearBuffor
                0x08000e08      0x118 src/main.o
                0x08000e08                clearBuffor
 .text.TIM3_IRQHandler
                0x08000f20       0x24 src/main.o
                0x08000f20                TIM3_IRQHandler
 .text.USART3_IRQHandler
                0x08000f44      0x234 src/main.o
                0x08000f44                USART3_IRQHandler
 .text._sbrk    0x08001178       0x58 src/syscalls.o
                0x08001178                _sbrk
 .text.SystemInit
                0x080011d0       0x5c src/system_stm32f4xx.o
                0x080011d0                SystemInit
 .text.SetSysClock
                0x0800122c      0x128 src/system_stm32f4xx.o
 .text.SysTick_Handler
                0x08001354       0xf0 src/tm_stm32f4_delay.o
                0x08001354                SysTick_Handler
 .text.TM_GPIO_InitAlternate
                0x08001444       0xa6 src/tm_stm32f4_gpio.o
                0x08001444                TM_GPIO_InitAlternate
 .text.TM_GPIO_GetPortSource
                0x080014ea       0x22 src/tm_stm32f4_gpio.o
                0x080014ea                TM_GPIO_GetPortSource
 .text.TM_GPIO_INT_EnableClock
                0x0800150c       0x30 src/tm_stm32f4_gpio.o
                0x0800150c                TM_GPIO_INT_EnableClock
 .text.TM_GPIO_INT_Init
                0x0800153c      0x10c src/tm_stm32f4_gpio.o
                0x0800153c                TM_GPIO_INT_Init
 .text.TM_SPI_Send
                0x08001648       0x76 src/tm_stm32f4_pcd8544.o
 *fill*         0x080016be        0x2 
 .text.PCD8544_InitIO
                0x080016c0       0x7c src/tm_stm32f4_pcd8544.o
                0x080016c0                PCD8544_InitIO
 .text.PCD8544_send
                0x0800173c       0x38 src/tm_stm32f4_pcd8544.o
                0x0800173c                PCD8544_send
 .text.PCD8544_Pin
                0x08001774       0x64 src/tm_stm32f4_pcd8544.o
                0x08001774                PCD8544_Pin
 .text.PCD8544_Delay
                0x080017d8       0x28 src/tm_stm32f4_pcd8544.o
                0x080017d8                PCD8544_Delay
 .text.PCD8544_Init
                0x08001800       0x7a src/tm_stm32f4_pcd8544.o
                0x08001800                PCD8544_Init
 .text.PCD8544_Write
                0x0800187a       0x40 src/tm_stm32f4_pcd8544.o
                0x0800187a                PCD8544_Write
 *fill*         0x080018ba        0x2 
 .text.PCD8544_DrawPixel
                0x080018bc       0xbc src/tm_stm32f4_pcd8544.o
                0x080018bc                PCD8544_DrawPixel
 .text.PCD8544_Clear
                0x08001978       0x4c src/tm_stm32f4_pcd8544.o
                0x08001978                PCD8544_Clear
 .text.PCD8544_Home
                0x080019c4       0x18 src/tm_stm32f4_pcd8544.o
                0x080019c4                PCD8544_Home
 .text.PCD8544_Refresh
                0x080019dc       0xc4 src/tm_stm32f4_pcd8544.o
                0x080019dc                PCD8544_Refresh
 .text.PCD8544_UpdateArea
                0x08001aa0       0x78 src/tm_stm32f4_pcd8544.o
                0x08001aa0                PCD8544_UpdateArea
 .text.PCD8544_GotoXY
                0x08001b18       0x30 src/tm_stm32f4_pcd8544.o
                0x08001b18                PCD8544_GotoXY
 .text.PCD8544_Putc
                0x08001b48      0x158 src/tm_stm32f4_pcd8544.o
                0x08001b48                PCD8544_Putc
 .text.PCD8544_Puts
                0x08001ca0       0x34 src/tm_stm32f4_pcd8544.o
                0x08001ca0                PCD8544_Puts
 .text.PCD8544_DrawLine
                0x08001cd4      0x1a2 src/tm_stm32f4_pcd8544.o
                0x08001cd4                PCD8544_DrawLine
 .text.PCD8544_DrawRectangle
                0x08001e76       0x6e src/tm_stm32f4_pcd8544.o
                0x08001e76                PCD8544_DrawRectangle
 .text.PCD8544_DrawCircle
                0x08001ee4      0x1ca src/tm_stm32f4_pcd8544.o
                0x08001ee4                PCD8544_DrawCircle
 .text.PCD8544_DrawFilledCircle
                0x080020ae      0x1d8 src/tm_stm32f4_pcd8544.o
                0x080020ae                PCD8544_DrawFilledCircle
 *fill*         0x08002286        0x2 
 .text.TM_SPI_Init
                0x08002288       0x7c src/tm_stm32f4_spi.o
                0x08002288                TM_SPI_Init
 .text.TM_SPI_InitCustomPinsCallback
                0x08002304       0x18 src/tm_stm32f4_spi.o
                0x08002304                TM_SPI_InitCustomPinsCallback
 .text.TM_SPIx_Init
                0x0800231c      0x11c src/tm_stm32f4_spi.o
 .text.TM_SPI1_INT_InitPins
                0x08002438       0x60 src/tm_stm32f4_spi.o
                0x08002438                TM_SPI1_INT_InitPins
 .text.TM_SPI2_INT_InitPins
                0x08002498       0x98 src/tm_stm32f4_spi.o
                0x08002498                TM_SPI2_INT_InitPins
 .text.TM_SPI3_INT_InitPins
                0x08002530       0x64 src/tm_stm32f4_spi.o
                0x08002530                TM_SPI3_INT_InitPins
 .text.Reset_Handler
                0x08002594       0x48 startup/startup_stm32f4xx.o
                0x08002594                Reset_Handler
 .text.Default_Handler
                0x080025dc        0x2 startup/startup_stm32f4xx.o
                0x080025dc                RTC_Alarm_IRQHandler
                0x080025dc                HASH_RNG_IRQHandler
                0x080025dc                EXTI2_IRQHandler
                0x080025dc                TIM8_CC_IRQHandler
                0x080025dc                DebugMon_Handler
                0x080025dc                TIM1_CC_IRQHandler
                0x080025dc                DMA2_Stream5_IRQHandler
                0x080025dc                HardFault_Handler
                0x080025dc                DMA1_Stream5_IRQHandler
                0x080025dc                PVD_IRQHandler
                0x080025dc                SDIO_IRQHandler
                0x080025dc                TAMP_STAMP_IRQHandler
                0x080025dc                PendSV_Handler
                0x080025dc                NMI_Handler
                0x080025dc                CAN2_RX1_IRQHandler
                0x080025dc                EXTI3_IRQHandler
                0x080025dc                TIM8_TRG_COM_TIM14_IRQHandler
                0x080025dc                TIM1_UP_TIM10_IRQHandler
                0x080025dc                TIM8_UP_TIM13_IRQHandler
                0x080025dc                I2C3_ER_IRQHandler
                0x080025dc                EXTI0_IRQHandler
                0x080025dc                I2C2_EV_IRQHandler
                0x080025dc                DMA1_Stream2_IRQHandler
                0x080025dc                CAN1_RX0_IRQHandler
                0x080025dc                FPU_IRQHandler
                0x080025dc                OTG_HS_WKUP_IRQHandler
                0x080025dc                UsageFault_Handler
                0x080025dc                CAN2_SCE_IRQHandler
                0x080025dc                DMA2_Stream2_IRQHandler
                0x080025dc                SPI1_IRQHandler
                0x080025dc                TIM6_DAC_IRQHandler
                0x080025dc                TIM1_BRK_TIM9_IRQHandler
                0x080025dc                DCMI_IRQHandler
                0x080025dc                CAN2_RX0_IRQHandler
                0x080025dc                DMA2_Stream3_IRQHandler
                0x080025dc                USART6_IRQHandler
                0x080025dc                CRYP_IRQHandler
                0x080025dc                CAN1_RX1_IRQHandler
                0x080025dc                UART5_IRQHandler
                0x080025dc                DMA2_Stream0_IRQHandler
                0x080025dc                TIM4_IRQHandler
                0x080025dc                I2C1_EV_IRQHandler
                0x080025dc                DMA1_Stream6_IRQHandler
                0x080025dc                DMA1_Stream1_IRQHandler
                0x080025dc                UART4_IRQHandler
                0x080025dc                RCC_IRQHandler
                0x080025dc                TIM8_BRK_TIM12_IRQHandler
                0x080025dc                Default_Handler
                0x080025dc                EXTI15_10_IRQHandler
                0x080025dc                ADC_IRQHandler
                0x080025dc                DMA1_Stream7_IRQHandler
                0x080025dc                TIM7_IRQHandler
                0x080025dc                CAN2_TX_IRQHandler
                0x080025dc                TIM5_IRQHandler
                0x080025dc                DMA2_Stream7_IRQHandler
                0x080025dc                I2C3_EV_IRQHandler
                0x080025dc                EXTI9_5_IRQHandler
                0x080025dc                RTC_WKUP_IRQHandler
                0x080025dc                ETH_WKUP_IRQHandler
                0x080025dc                SPI2_IRQHandler
                0x080025dc                OTG_HS_EP1_IN_IRQHandler
                0x080025dc                MemManage_Handler
                0x080025dc                DMA1_Stream0_IRQHandler
                0x080025dc                CAN1_TX_IRQHandler
                0x080025dc                SVC_Handler
                0x080025dc                EXTI4_IRQHandler
                0x080025dc                FSMC_IRQHandler
                0x080025dc                ETH_IRQHandler
                0x080025dc                OTG_HS_EP1_OUT_IRQHandler
                0x080025dc                WWDG_IRQHandler
                0x080025dc                TIM2_IRQHandler
                0x080025dc                OTG_FS_WKUP_IRQHandler
                0x080025dc                TIM1_TRG_COM_TIM11_IRQHandler
                0x080025dc                OTG_HS_IRQHandler
                0x080025dc                EXTI1_IRQHandler
                0x080025dc                USART2_IRQHandler
                0x080025dc                I2C2_ER_IRQHandler
                0x080025dc                DMA2_Stream1_IRQHandler
                0x080025dc                CAN1_SCE_IRQHandler
                0x080025dc                FLASH_IRQHandler
                0x080025dc                DMA2_Stream4_IRQHandler
                0x080025dc                BusFault_Handler
                0x080025dc                USART1_IRQHandler
                0x080025dc                OTG_FS_IRQHandler
                0x080025dc                SPI3_IRQHandler
                0x080025dc                DMA1_Stream4_IRQHandler
                0x080025dc                I2C1_ER_IRQHandler
                0x080025dc                DMA2_Stream6_IRQHandler
                0x080025dc                DMA1_Stream3_IRQHandler
 *fill*         0x080025de        0x2 
 .text.__errno  0x080025e0        0xc c:/ac6/systemworkbench/plugins/fr.ac6.mcu.externaltools.arm-none.win32_1.15.0.201708311556/tools/compiler/bin/../lib/gcc/arm-none-eabi/6.3.1/../../../../arm-none-eabi/lib/thumb/v7e-m/fpv4-sp/hard\libc.a(lib_a-errno.o)
                0x080025e0                __errno
 .text.__libc_init_array
                0x080025ec       0x50 c:/ac6/systemworkbench/plugins/fr.ac6.mcu.externaltools.arm-none.win32_1.15.0.201708311556/tools/compiler/bin/../lib/gcc/arm-none-eabi/6.3.1/../../../../arm-none-eabi/lib/thumb/v7e-m/fpv4-sp/hard\libc.a(lib_a-init.o)
                0x080025ec                __libc_init_array
 .text.malloc   0x0800263c       0x10 c:/ac6/systemworkbench/plugins/fr.ac6.mcu.externaltools.arm-none.win32_1.15.0.201708311556/tools/compiler/bin/../lib/gcc/arm-none-eabi/6.3.1/../../../../arm-none-eabi/lib/thumb/v7e-m/fpv4-sp/hard\libc.a(lib_a-malloc.o)
                0x0800263c                malloc
 .text._malloc_r
                0x0800264c      0x560 c:/ac6/systemworkbench/plugins/fr.ac6.mcu.externaltools.arm-none.win32_1.15.0.201708311556/tools/compiler/bin/../lib/gcc/arm-none-eabi/6.3.1/../../../../arm-none-eabi/lib/thumb/v7e-m/fpv4-sp/hard\libc.a(lib_a-mallocr.o)
                0x0800264c                _malloc_r
 .text.__malloc_lock
                0x08002bac        0xc c:/ac6/systemworkbench/plugins/fr.ac6.mcu.externaltools.arm-none.win32_1.15.0.201708311556/tools/compiler/bin/../lib/gcc/arm-none-eabi/6.3.1/../../../../arm-none-eabi/lib/thumb/v7e-m/fpv4-sp/hard\libc.a(lib_a-mlock.o)
                0x08002bac                __malloc_lock
 .text.__malloc_unlock
                0x08002bb8        0xc c:/ac6/systemworkbench/plugins/fr.ac6.mcu.externaltools.arm-none.win32_1.15.0.201708311556/tools/compiler/bin/../lib/gcc/arm-none-eabi/6.3.1/../../../../arm-none-eabi/lib/thumb/v7e-m/fpv4-sp/hard\libc.a(lib_a-mlock.o)
                0x08002bb8                __malloc_unlock
 .text._sbrk_r  0x08002bc4       0x24 c:/ac6/systemworkbench/plugins/fr.ac6.mcu.externaltools.arm-none.win32_1.15.0.201708311556/tools/compiler/bin/../lib/gcc/arm-none-eabi/6.3.1/../../../../arm-none-eabi/lib/thumb/v7e-m/fpv4-sp/hard\libc.a(lib_a-sbrkr.o)
                0x08002bc4                _sbrk_r
 .text.startup.register_fini
                0x08002be8       0x14 c:/ac6/systemworkbench/plugins/fr.ac6.mcu.externaltools.arm-none.win32_1.15.0.201708311556/tools/compiler/bin/../lib/gcc/arm-none-eabi/6.3.1/../../../../arm-none-eabi/lib/thumb/v7e-m/fpv4-sp/hard\libc.a(lib_a-__call_atexit.o)
 .text.atexit   0x08002bfc        0xc c:/ac6/systemworkbench/plugins/fr.ac6.mcu.externaltools.arm-none.win32_1.15.0.201708311556/tools/compiler/bin/../lib/gcc/arm-none-eabi/6.3.1/../../../../arm-none-eabi/lib/thumb/v7e-m/fpv4-sp/hard\libc.a(lib_a-atexit.o)
                0x08002bfc                atexit
 .text.__libc_fini_array
                0x08002c08       0x34 c:/ac6/systemworkbench/plugins/fr.ac6.mcu.externaltools.arm-none.win32_1.15.0.201708311556/tools/compiler/bin/../lib/gcc/arm-none-eabi/6.3.1/../../../../arm-none-eabi/lib/thumb/v7e-m/fpv4-sp/hard\libc.a(lib_a-fini.o)
                0x08002c08                __libc_fini_array
 .text._malloc_trim_r
                0x08002c3c       0xa0 c:/ac6/systemworkbench/plugins/fr.ac6.mcu.externaltools.arm-none.win32_1.15.0.201708311556/tools/compiler/bin/../lib/gcc/arm-none-eabi/6.3.1/../../../../arm-none-eabi/lib/thumb/v7e-m/fpv4-sp/hard\libc.a(lib_a-freer.o)
                0x08002c3c                _malloc_trim_r
 .text._free_r  0x08002cdc      0x1cc c:/ac6/systemworkbench/plugins/fr.ac6.mcu.externaltools.arm-none.win32_1.15.0.201708311556/tools/compiler/bin/../lib/gcc/arm-none-eabi/6.3.1/../../../../arm-none-eabi/lib/thumb/v7e-m/fpv4-sp/hard\libc.a(lib_a-freer.o)
                0x08002cdc                _free_r
 .text.__retarget_lock_acquire_recursive
                0x08002ea8        0x4 c:/ac6/systemworkbench/plugins/fr.ac6.mcu.externaltools.arm-none.win32_1.15.0.201708311556/tools/compiler/bin/../lib/gcc/arm-none-eabi/6.3.1/../../../../arm-none-eabi/lib/thumb/v7e-m/fpv4-sp/hard\libc.a(lib_a-lock.o)
                0x08002ea8                __retarget_lock_acquire_recursive
 .text.__retarget_lock_release_recursive
                0x08002eac        0x4 c:/ac6/systemworkbench/plugins/fr.ac6.mcu.externaltools.arm-none.win32_1.15.0.201708311556/tools/compiler/bin/../lib/gcc/arm-none-eabi/6.3.1/../../../../arm-none-eabi/lib/thumb/v7e-m/fpv4-sp/hard\libc.a(lib_a-lock.o)
                0x08002eac                __retarget_lock_release_recursive
 .text.__register_exitproc
                0x08002eb0       0xc4 c:/ac6/systemworkbench/plugins/fr.ac6.mcu.externaltools.arm-none.win32_1.15.0.201708311556/tools/compiler/bin/../lib/gcc/arm-none-eabi/6.3.1/../../../../arm-none-eabi/lib/thumb/v7e-m/fpv4-sp/hard\libc.a(lib_a-__atexit.o)
                0x08002eb0                __register_exitproc
 *(.rodata)
 .rodata        0x08002f74       0x36 src/main.o
 *fill*         0x08002faa        0x2 
 .rodata        0x08002fac      0x386 src/tm_stm32f4_pcd8544.o
                0x08002fac                PCD8544_Font5x7
                0x080031f4                PCD8544_Font3x5
 *(.rodata*)
 *fill*         0x08003332        0x2 
 .rodata._global_impure_ptr
                0x08003334        0x4 c:/ac6/systemworkbench/plugins/fr.ac6.mcu.externaltools.arm-none.win32_1.15.0.201708311556/tools/compiler/bin/../lib/gcc/arm-none-eabi/6.3.1/../../../../arm-none-eabi/lib/thumb/v7e-m/fpv4-sp/hard\libc.a(lib_a-impure.o)
                0x08003334                _global_impure_ptr
 *(.glue_7)
 .glue_7        0x08003338        0x0 linker stubs
 *(.glue_7t)
 .glue_7t       0x08003338        0x0 linker stubs
 *(.eh_frame)
 .eh_frame      0x08003338        0x0 c:/ac6/systemworkbench/plugins/fr.ac6.mcu.externaltools.arm-none.win32_1.15.0.201708311556/tools/compiler/bin/../lib/gcc/arm-none-eabi/6.3.1/thumb/v7e-m/fpv4-sp/hard/crtbegin.o
 *(.init)
 .init          0x08003338        0x4 c:/ac6/systemworkbench/plugins/fr.ac6.mcu.externaltools.arm-none.win32_1.15.0.201708311556/tools/compiler/bin/../lib/gcc/arm-none-eabi/6.3.1/thumb/v7e-m/fpv4-sp/hard/crti.o
                0x08003338                _init
 .init          0x0800333c        0x8 c:/ac6/systemworkbench/plugins/fr.ac6.mcu.externaltools.arm-none.win32_1.15.0.201708311556/tools/compiler/bin/../lib/gcc/arm-none-eabi/6.3.1/thumb/v7e-m/fpv4-sp/hard/crtn.o
 *(.fini)
 .fini          0x08003344        0x4 c:/ac6/systemworkbench/plugins/fr.ac6.mcu.externaltools.arm-none.win32_1.15.0.201708311556/tools/compiler/bin/../lib/gcc/arm-none-eabi/6.3.1/thumb/v7e-m/fpv4-sp/hard/crti.o
                0x08003344                _fini
 .fini          0x08003348        0x8 c:/ac6/systemworkbench/plugins/fr.ac6.mcu.externaltools.arm-none.win32_1.15.0.201708311556/tools/compiler/bin/../lib/gcc/arm-none-eabi/6.3.1/thumb/v7e-m/fpv4-sp/hard/crtn.o
                0x08003350                . = ALIGN (0x4)
                0x08003350                _etext = .

.vfp11_veneer   0x08003350        0x0
 .vfp11_veneer  0x08003350        0x0 linker stubs

.v4_bx          0x08003350        0x0
 .v4_bx         0x08003350        0x0 linker stubs

.iplt           0x08003350        0x0
 .iplt          0x08003350        0x0 c:/ac6/systemworkbench/plugins/fr.ac6.mcu.externaltools.arm-none.win32_1.15.0.201708311556/tools/compiler/bin/../lib/gcc/arm-none-eabi/6.3.1/thumb/v7e-m/fpv4-sp/hard/crtbegin.o

.rel.dyn        0x08003350        0x0
 .rel.iplt      0x08003350        0x0 c:/ac6/systemworkbench/plugins/fr.ac6.mcu.externaltools.arm-none.win32_1.15.0.201708311556/tools/compiler/bin/../lib/gcc/arm-none-eabi/6.3.1/thumb/v7e-m/fpv4-sp/hard/crtbegin.o

.ARM.extab
 *(.ARM.extab* .gnu.linkonce.armextab.*)

.ARM            0x08003350        0x0
                0x08003350                __exidx_start = .
 *(.ARM.exidx*)
                0x08003350                __exidx_end = .

.preinit_array  0x08003350        0x0
                0x08003350                PROVIDE (__preinit_array_start, .)
 *(.preinit_array*)
                0x08003350                PROVIDE (__preinit_array_end, .)

.init_array     0x08003350        0x8
                0x08003350                PROVIDE (__init_array_start, .)
 *(SORT(.init_array.*))
 .init_array.00000
                0x08003350        0x4 c:/ac6/systemworkbench/plugins/fr.ac6.mcu.externaltools.arm-none.win32_1.15.0.201708311556/tools/compiler/bin/../lib/gcc/arm-none-eabi/6.3.1/../../../../arm-none-eabi/lib/thumb/v7e-m/fpv4-sp/hard\libc.a(lib_a-__call_atexit.o)
 *(.init_array*)
 .init_array    0x08003354        0x4 c:/ac6/systemworkbench/plugins/fr.ac6.mcu.externaltools.arm-none.win32_1.15.0.201708311556/tools/compiler/bin/../lib/gcc/arm-none-eabi/6.3.1/thumb/v7e-m/fpv4-sp/hard/crtbegin.o
                0x08003358                PROVIDE (__init_array_end, .)

.fini_array     0x08003358        0x4
                0x08003358                PROVIDE (__fini_array_start, .)
 *(.fini_array*)
 .fini_array    0x08003358        0x4 c:/ac6/systemworkbench/plugins/fr.ac6.mcu.externaltools.arm-none.win32_1.15.0.201708311556/tools/compiler/bin/../lib/gcc/arm-none-eabi/6.3.1/thumb/v7e-m/fpv4-sp/hard/crtbegin.o
 *(SORT(.fini_array.*))
                0x0800335c                PROVIDE (__fini_array_end, .)
                0x0800335c                _sidata = .

.data           0x20000000      0x854 load address 0x0800335c
                0x20000000                . = ALIGN (0x4)
                0x20000000                _sdata = .
 *(.data)
 .data          0x20000000       0x10 StdPeriph_Driver/src/stm32f4xx_rcc.o
 *(.data*)
 .data._impure_ptr
                0x20000010        0x4 c:/ac6/systemworkbench/plugins/fr.ac6.mcu.externaltools.arm-none.win32_1.15.0.201708311556/tools/compiler/bin/../lib/gcc/arm-none-eabi/6.3.1/../../../../arm-none-eabi/lib/thumb/v7e-m/fpv4-sp/hard\libc.a(lib_a-impure.o)
                0x20000010                _impure_ptr
 *fill*         0x20000014        0x4 
 .data.impure_data
                0x20000018      0x428 c:/ac6/systemworkbench/plugins/fr.ac6.mcu.externaltools.arm-none.win32_1.15.0.201708311556/tools/compiler/bin/../lib/gcc/arm-none-eabi/6.3.1/../../../../arm-none-eabi/lib/thumb/v7e-m/fpv4-sp/hard\libc.a(lib_a-impure.o)
 .data.__malloc_av_
                0x20000440      0x408 c:/ac6/systemworkbench/plugins/fr.ac6.mcu.externaltools.arm-none.win32_1.15.0.201708311556/tools/compiler/bin/../lib/gcc/arm-none-eabi/6.3.1/../../../../arm-none-eabi/lib/thumb/v7e-m/fpv4-sp/hard\libc.a(lib_a-mallocr.o)
                0x20000440                __malloc_av_
 .data.__malloc_sbrk_base
                0x20000848        0x4 c:/ac6/systemworkbench/plugins/fr.ac6.mcu.externaltools.arm-none.win32_1.15.0.201708311556/tools/compiler/bin/../lib/gcc/arm-none-eabi/6.3.1/../../../../arm-none-eabi/lib/thumb/v7e-m/fpv4-sp/hard\libc.a(lib_a-mallocr.o)
                0x20000848                __malloc_sbrk_base
 .data.__malloc_trim_threshold
                0x2000084c        0x4 c:/ac6/systemworkbench/plugins/fr.ac6.mcu.externaltools.arm-none.win32_1.15.0.201708311556/tools/compiler/bin/../lib/gcc/arm-none-eabi/6.3.1/../../../../arm-none-eabi/lib/thumb/v7e-m/fpv4-sp/hard\libc.a(lib_a-mallocr.o)
                0x2000084c                __malloc_trim_threshold
 .data.__atexit_recursive_mutex
                0x20000850        0x4 c:/ac6/systemworkbench/plugins/fr.ac6.mcu.externaltools.arm-none.win32_1.15.0.201708311556/tools/compiler/bin/../lib/gcc/arm-none-eabi/6.3.1/../../../../arm-none-eabi/lib/thumb/v7e-m/fpv4-sp/hard\libc.a(lib_a-__call_atexit.o)
                0x20000850                __atexit_recursive_mutex
                0x20000854                . = ALIGN (0x4)
                0x20000854                _edata = .

.jcr            0x20000854        0x0 load address 0x08003bb0
 .jcr           0x20000854        0x0 c:/ac6/systemworkbench/plugins/fr.ac6.mcu.externaltools.arm-none.win32_1.15.0.201708311556/tools/compiler/bin/../lib/gcc/arm-none-eabi/6.3.1/thumb/v7e-m/fpv4-sp/hard/crtbegin.o

.igot.plt       0x20000854        0x0 load address 0x08003bb0
 .igot.plt      0x20000854        0x0 c:/ac6/systemworkbench/plugins/fr.ac6.mcu.externaltools.arm-none.win32_1.15.0.201708311556/tools/compiler/bin/../lib/gcc/arm-none-eabi/6.3.1/thumb/v7e-m/fpv4-sp/hard/crtbegin.o
                0x20000854                . = ALIGN (0x4)

.bss            0x20000854      0x35c load address 0x08003bb0
                0x20000854                _sbss = .
                0x20000854                __bss_start__ = _sbss
 *(.bss)
 .bss           0x20000854       0x1c c:/ac6/systemworkbench/plugins/fr.ac6.mcu.externaltools.arm-none.win32_1.15.0.201708311556/tools/compiler/bin/../lib/gcc/arm-none-eabi/6.3.1/thumb/v7e-m/fpv4-sp/hard/crtbegin.o
 .bss           0x20000870        0x4 src/main.o
 .bss           0x20000874        0x8 src/syscalls.o
                0x20000874                __env
 .bss           0x2000087c       0x28 src/tm_stm32f4_delay.o
                0x2000087c                TM_TimingDelay
                0x20000880                TM_Time
                0x20000884                TM_Time2
                0x20000888                TM_DELAY_Initialized
 .bss           0x200008a4       0x16 src/tm_stm32f4_gpio.o
 .bss           0x200008ba        0x4 src/tm_stm32f4_pcd8544.o
                0x200008ba                PCD8544_UpdateXmin
                0x200008bb                PCD8544_UpdateXmax
                0x200008bc                PCD8544_UpdateYmin
                0x200008bd                PCD8544_UpdateYmax
 *(.bss*)
 *fill*         0x200008be        0x2 
 .bss.__malloc_current_mallinfo
                0x200008c0       0x28 c:/ac6/systemworkbench/plugins/fr.ac6.mcu.externaltools.arm-none.win32_1.15.0.201708311556/tools/compiler/bin/../lib/gcc/arm-none-eabi/6.3.1/../../../../arm-none-eabi/lib/thumb/v7e-m/fpv4-sp/hard\libc.a(lib_a-mallocr.o)
                0x200008c0                __malloc_current_mallinfo
 .bss.__malloc_max_sbrked_mem
                0x200008e8        0x4 c:/ac6/systemworkbench/plugins/fr.ac6.mcu.externaltools.arm-none.win32_1.15.0.201708311556/tools/compiler/bin/../lib/gcc/arm-none-eabi/6.3.1/../../../../arm-none-eabi/lib/thumb/v7e-m/fpv4-sp/hard\libc.a(lib_a-mallocr.o)
                0x200008e8                __malloc_max_sbrked_mem
 .bss.__malloc_max_total_mem
                0x200008ec        0x4 c:/ac6/systemworkbench/plugins/fr.ac6.mcu.externaltools.arm-none.win32_1.15.0.201708311556/tools/compiler/bin/../lib/gcc/arm-none-eabi/6.3.1/../../../../arm-none-eabi/lib/thumb/v7e-m/fpv4-sp/hard\libc.a(lib_a-mallocr.o)
                0x200008ec                __malloc_max_total_mem
 .bss.__malloc_top_pad
                0x200008f0        0x4 c:/ac6/systemworkbench/plugins/fr.ac6.mcu.externaltools.arm-none.win32_1.15.0.201708311556/tools/compiler/bin/../lib/gcc/arm-none-eabi/6.3.1/../../../../arm-none-eabi/lib/thumb/v7e-m/fpv4-sp/hard\libc.a(lib_a-mallocr.o)
                0x200008f0                __malloc_top_pad
 *(COMMON)
 COMMON         0x200008f4       0x98 src/main.o
                0x200008f4                pressIndex
                0x200008f8                city
                0x2000095c                cityIndex
                0x20000960                temp
                0x20000964                sun
                0x2000096c                cloud
                0x20000970                moonIndex
                0x20000974                cloudIndex
                0x20000978                moon
                0x20000980                press
                0x20000984                tempIndex
                0x20000988                sunIndex
 COMMON         0x2000098c      0x1fc src/tm_stm32f4_pcd8544.o
                0x2000098c                PCD8544_y
                0x2000098d                PCD8544_x
                0x20000990                PCD8544_Buffer
 COMMON         0x20000b88       0x21 c:/ac6/systemworkbench/plugins/fr.ac6.mcu.externaltools.arm-none.win32_1.15.0.201708311556/tools/compiler/bin/../lib/gcc/arm-none-eabi/6.3.1/../../../../arm-none-eabi/lib/thumb/v7e-m/fpv4-sp/hard\libc.a(lib_a-lock.o)
                0x20000b88                __lock___atexit_recursive_mutex
                0x20000b8c                __lock___arc4random_mutex
                0x20000b90                __lock___env_recursive_mutex
                0x20000b94                __lock___sinit_recursive_mutex
                0x20000b98                __lock___malloc_recursive_mutex
                0x20000b9c                __lock___at_quick_exit_mutex
                0x20000ba0                __lock___dd_hash_mutex
                0x20000ba4                __lock___tz_mutex
                0x20000ba8                __lock___sfp_recursive_mutex
 *fill*         0x20000ba9        0x3 
 COMMON         0x20000bac        0x4 c:/ac6/systemworkbench/plugins/fr.ac6.mcu.externaltools.arm-none.win32_1.15.0.201708311556/tools/compiler/bin/../lib/gcc/arm-none-eabi/6.3.1/../../../../arm-none-eabi/lib/thumb/v7e-m/fpv4-sp/hard\libc.a(lib_a-reent.o)
                0x20000bac                errno
                0x20000bb0                . = ALIGN (0x4)
                0x20000bb0                _ebss = .
                0x20000bb0                __bss_end__ = _ebss

._user_heap_stack
                0x20000bb0      0x400 load address 0x08003f0c
                0x20000bb0                . = ALIGN (0x8)
                0x20000bb0                PROVIDE (end, .)
                [!provide]                PROVIDE (_end, .)
                0x20000bb0                . = (. + _Min_Heap_Size)
                0x20000fb0                . = (. + _Min_Stack_Size)
 *fill*         0x20000bb0      0x400 
                0x20000fb0                . = ALIGN (0x8)

.memory_b1_text
 *(.mb1text)
 *(.mb1text*)
 *(.mb1rodata)
 *(.mb1rodata*)

/DISCARD/
 libc.a(*)
 libm.a(*)
 libgcc.a(*)

.ARM.attributes
                0x00000000       0x30
 *(.ARM.attributes)
 .ARM.attributes
                0x00000000       0x22 c:/ac6/systemworkbench/plugins/fr.ac6.mcu.externaltools.arm-none.win32_1.15.0.201708311556/tools/compiler/bin/../lib/gcc/arm-none-eabi/6.3.1/thumb/v7e-m/fpv4-sp/hard/crti.o
 .ARM.attributes
                0x00000022       0x34 c:/ac6/systemworkbench/plugins/fr.ac6.mcu.externaltools.arm-none.win32_1.15.0.201708311556/tools/compiler/bin/../lib/gcc/arm-none-eabi/6.3.1/thumb/v7e-m/fpv4-sp/hard/crtbegin.o
 .ARM.attributes
                0x00000056       0x39 StdPeriph_Driver/src/misc.o
 .ARM.attributes
                0x0000008f       0x39 StdPeriph_Driver/src/stm32f4xx_gpio.o
 .ARM.attributes
                0x000000c8       0x39 StdPeriph_Driver/src/stm32f4xx_rcc.o
 .ARM.attributes
                0x00000101       0x39 StdPeriph_Driver/src/stm32f4xx_spi.o
 .ARM.attributes
                0x0000013a       0x39 StdPeriph_Driver/src/stm32f4xx_tim.o
 .ARM.attributes
                0x00000173       0x39 StdPeriph_Driver/src/stm32f4xx_usart.o
 .ARM.attributes
                0x000001ac       0x39 src/main.o
 .ARM.attributes
                0x000001e5       0x39 src/syscalls.o
 .ARM.attributes
                0x0000021e       0x39 src/system_stm32f4xx.o
 .ARM.attributes
                0x00000257       0x39 src/tm_stm32f4_delay.o
 .ARM.attributes
                0x00000290       0x39 src/tm_stm32f4_gpio.o
 .ARM.attributes
                0x000002c9       0x39 src/tm_stm32f4_pcd8544.o
 .ARM.attributes
                0x00000302       0x39 src/tm_stm32f4_spi.o
 .ARM.attributes
                0x0000033b       0x21 startup/startup_stm32f4xx.o
 .ARM.attributes
                0x0000035c       0x34 c:/ac6/systemworkbench/plugins/fr.ac6.mcu.externaltools.arm-none.win32_1.15.0.201708311556/tools/compiler/bin/../lib/gcc/arm-none-eabi/6.3.1/../../../../arm-none-eabi/lib/thumb/v7e-m/fpv4-sp/hard\libc.a(lib_a-errno.o)
 .ARM.attributes
                0x00000390       0x34 c:/ac6/systemworkbench/plugins/fr.ac6.mcu.externaltools.arm-none.win32_1.15.0.201708311556/tools/compiler/bin/../lib/gcc/arm-none-eabi/6.3.1/../../../../arm-none-eabi/lib/thumb/v7e-m/fpv4-sp/hard\libc.a(lib_a-impure.o)
 .ARM.attributes
                0x000003c4       0x34 c:/ac6/systemworkbench/plugins/fr.ac6.mcu.externaltools.arm-none.win32_1.15.0.201708311556/tools/compiler/bin/../lib/gcc/arm-none-eabi/6.3.1/../../../../arm-none-eabi/lib/thumb/v7e-m/fpv4-sp/hard\libc.a(lib_a-init.o)
 .ARM.attributes
                0x000003f8       0x34 c:/ac6/systemworkbench/plugins/fr.ac6.mcu.externaltools.arm-none.win32_1.15.0.201708311556/tools/compiler/bin/../lib/gcc/arm-none-eabi/6.3.1/../../../../arm-none-eabi/lib/thumb/v7e-m/fpv4-sp/hard\libc.a(lib_a-malloc.o)
 .ARM.attributes
                0x0000042c       0x34 c:/ac6/systemworkbench/plugins/fr.ac6.mcu.externaltools.arm-none.win32_1.15.0.201708311556/tools/compiler/bin/../lib/gcc/arm-none-eabi/6.3.1/../../../../arm-none-eabi/lib/thumb/v7e-m/fpv4-sp/hard\libc.a(lib_a-mallocr.o)
 .ARM.attributes
                0x00000460       0x34 c:/ac6/systemworkbench/plugins/fr.ac6.mcu.externaltools.arm-none.win32_1.15.0.201708311556/tools/compiler/bin/../lib/gcc/arm-none-eabi/6.3.1/../../../../arm-none-eabi/lib/thumb/v7e-m/fpv4-sp/hard\libc.a(lib_a-mlock.o)
 .ARM.attributes
                0x00000494       0x34 c:/ac6/systemworkbench/plugins/fr.ac6.mcu.externaltools.arm-none.win32_1.15.0.201708311556/tools/compiler/bin/../lib/gcc/arm-none-eabi/6.3.1/../../../../arm-none-eabi/lib/thumb/v7e-m/fpv4-sp/hard\libc.a(lib_a-sbrkr.o)
 .ARM.attributes
                0x000004c8       0x34 c:/ac6/systemworkbench/plugins/fr.ac6.mcu.externaltools.arm-none.win32_1.15.0.201708311556/tools/compiler/bin/../lib/gcc/arm-none-eabi/6.3.1/../../../../arm-none-eabi/lib/thumb/v7e-m/fpv4-sp/hard\libc.a(lib_a-__call_atexit.o)
 .ARM.attributes
                0x000004fc       0x34 c:/ac6/systemworkbench/plugins/fr.ac6.mcu.externaltools.arm-none.win32_1.15.0.201708311556/tools/compiler/bin/../lib/gcc/arm-none-eabi/6.3.1/../../../../arm-none-eabi/lib/thumb/v7e-m/fpv4-sp/hard\libc.a(lib_a-atexit.o)
 .ARM.attributes
                0x00000530       0x34 c:/ac6/systemworkbench/plugins/fr.ac6.mcu.externaltools.arm-none.win32_1.15.0.201708311556/tools/compiler/bin/../lib/gcc/arm-none-eabi/6.3.1/../../../../arm-none-eabi/lib/thumb/v7e-m/fpv4-sp/hard\libc.a(lib_a-fini.o)
 .ARM.attributes
                0x00000564       0x34 c:/ac6/systemworkbench/plugins/fr.ac6.mcu.externaltools.arm-none.win32_1.15.0.201708311556/tools/compiler/bin/../lib/gcc/arm-none-eabi/6.3.1/../../../../arm-none-eabi/lib/thumb/v7e-m/fpv4-sp/hard\libc.a(lib_a-freer.o)
 .ARM.attributes
                0x00000598       0x34 c:/ac6/systemworkbench/plugins/fr.ac6.mcu.externaltools.arm-none.win32_1.15.0.201708311556/tools/compiler/bin/../lib/gcc/arm-none-eabi/6.3.1/../../../../arm-none-eabi/lib/thumb/v7e-m/fpv4-sp/hard\libc.a(lib_a-lock.o)
 .ARM.attributes
                0x000005cc       0x34 c:/ac6/systemworkbench/plugins/fr.ac6.mcu.externaltools.arm-none.win32_1.15.0.201708311556/tools/compiler/bin/../lib/gcc/arm-none-eabi/6.3.1/../../../../arm-none-eabi/lib/thumb/v7e-m/fpv4-sp/hard\libc.a(lib_a-reent.o)
 .ARM.attributes
                0x00000600       0x34 c:/ac6/systemworkbench/plugins/fr.ac6.mcu.externaltools.arm-none.win32_1.15.0.201708311556/tools/compiler/bin/../lib/gcc/arm-none-eabi/6.3.1/../../../../arm-none-eabi/lib/thumb/v7e-m/fpv4-sp/hard\libc.a(lib_a-__atexit.o)
 .ARM.attributes
                0x00000634       0x22 c:/ac6/systemworkbench/plugins/fr.ac6.mcu.externaltools.arm-none.win32_1.15.0.201708311556/tools/compiler/bin/../lib/gcc/arm-none-eabi/6.3.1/thumb/v7e-m/fpv4-sp/hard/crtn.o
OUTPUT(DisplayRemek.elf elf32-littlearm)

.debug_info     0x00000000     0x9c07
 .debug_info    0x00000000      0x551 StdPeriph_Driver/src/misc.o
 .debug_info    0x00000551      0x629 StdPeriph_Driver/src/stm32f4xx_gpio.o
 .debug_info    0x00000b7a      0xc76 StdPeriph_Driver/src/stm32f4xx_rcc.o
 .debug_info    0x000017f0      0xb1e StdPeriph_Driver/src/stm32f4xx_spi.o
 .debug_info    0x0000230e     0x1c78 StdPeriph_Driver/src/stm32f4xx_tim.o
 .debug_info    0x00003f86      0x9d9 StdPeriph_Driver/src/stm32f4xx_usart.o
 .debug_info    0x0000495f      0xc30 src/main.o
 .debug_info    0x0000558f      0xf2a src/syscalls.o
 .debug_info    0x000064b9      0x5d4 src/system_stm32f4xx.o
 .debug_info    0x00006a8d     0x1251 src/tm_stm32f4_delay.o
 .debug_info    0x00007cde      0x84c src/tm_stm32f4_gpio.o
 .debug_info    0x0000852a      0xbba src/tm_stm32f4_pcd8544.o
 .debug_info    0x000090e4      0xab4 src/tm_stm32f4_spi.o
 .debug_info    0x00009b98       0x6f startup/startup_stm32f4xx.o

.debug_abbrev   0x00000000     0x18f4
 .debug_abbrev  0x00000000      0x175 StdPeriph_Driver/src/misc.o
 .debug_abbrev  0x00000175      0x1bb StdPeriph_Driver/src/stm32f4xx_gpio.o
 .debug_abbrev  0x00000330      0x1fb StdPeriph_Driver/src/stm32f4xx_rcc.o
 .debug_abbrev  0x0000052b      0x17d StdPeriph_Driver/src/stm32f4xx_spi.o
 .debug_abbrev  0x000006a8      0x19d StdPeriph_Driver/src/stm32f4xx_tim.o
 .debug_abbrev  0x00000845      0x185 StdPeriph_Driver/src/stm32f4xx_usart.o
 .debug_abbrev  0x000009ca      0x220 src/main.o
 .debug_abbrev  0x00000bea      0x2aa src/syscalls.o
 .debug_abbrev  0x00000e94      0x15b src/system_stm32f4xx.o
 .debug_abbrev  0x00000fef      0x37b src/tm_stm32f4_delay.o
 .debug_abbrev  0x0000136a      0x17f src/tm_stm32f4_gpio.o
 .debug_abbrev  0x000014e9      0x1e5 src/tm_stm32f4_pcd8544.o
 .debug_abbrev  0x000016ce      0x214 src/tm_stm32f4_spi.o
 .debug_abbrev  0x000018e2       0x12 startup/startup_stm32f4xx.o

.debug_aranges  0x00000000      0xae0
 .debug_aranges
                0x00000000       0x40 StdPeriph_Driver/src/misc.o
 .debug_aranges
                0x00000040       0x88 StdPeriph_Driver/src/stm32f4xx_gpio.o
 .debug_aranges
                0x000000c8      0x178 StdPeriph_Driver/src/stm32f4xx_rcc.o
 .debug_aranges
                0x00000240       0xe0 StdPeriph_Driver/src/stm32f4xx_spi.o
 .debug_aranges
                0x00000320      0x2f8 StdPeriph_Driver/src/stm32f4xx_tim.o
 .debug_aranges
                0x00000618      0x100 StdPeriph_Driver/src/stm32f4xx_usart.o
 .debug_aranges
                0x00000718       0x48 src/main.o
 .debug_aranges
                0x00000760       0xb0 src/syscalls.o
 .debug_aranges
                0x00000810       0x30 src/system_stm32f4xx.o
 .debug_aranges
                0x00000840       0x80 src/tm_stm32f4_delay.o
 .debug_aranges
                0x000008c0       0x98 src/tm_stm32f4_gpio.o
 .debug_aranges
                0x00000958       0xc8 src/tm_stm32f4_pcd8544.o
 .debug_aranges
                0x00000a20       0x98 src/tm_stm32f4_spi.o
 .debug_aranges
                0x00000ab8       0x28 startup/startup_stm32f4xx.o

.debug_ranges   0x00000000      0xa28
 .debug_ranges  0x00000000       0x30 StdPeriph_Driver/src/misc.o
 .debug_ranges  0x00000030       0x78 StdPeriph_Driver/src/stm32f4xx_gpio.o
 .debug_ranges  0x000000a8      0x168 StdPeriph_Driver/src/stm32f4xx_rcc.o
 .debug_ranges  0x00000210       0xd0 StdPeriph_Driver/src/stm32f4xx_spi.o
 .debug_ranges  0x000002e0      0x2e8 StdPeriph_Driver/src/stm32f4xx_tim.o
 .debug_ranges  0x000005c8       0xf0 StdPeriph_Driver/src/stm32f4xx_usart.o
 .debug_ranges  0x000006b8       0x58 src/main.o
 .debug_ranges  0x00000710       0xa0 src/syscalls.o
 .debug_ranges  0x000007b0       0x20 src/system_stm32f4xx.o
 .debug_ranges  0x000007d0       0x70 src/tm_stm32f4_delay.o
 .debug_ranges  0x00000840       0x88 src/tm_stm32f4_gpio.o
 .debug_ranges  0x000008c8       0xb8 src/tm_stm32f4_pcd8544.o
 .debug_ranges  0x00000980       0x88 src/tm_stm32f4_spi.o
 .debug_ranges  0x00000a08       0x20 startup/startup_stm32f4xx.o

.debug_macro    0x00000000    0x11902
 .debug_macro   0x00000000      0x1c5 StdPeriph_Driver/src/misc.o
 .debug_macro   0x000001c5      0x8d4 StdPeriph_Driver/src/misc.o
 .debug_macro   0x00000a99       0x63 StdPeriph_Driver/src/misc.o
 .debug_macro   0x00000afc       0x35 StdPeriph_Driver/src/misc.o
 .debug_macro   0x00000b31       0x22 StdPeriph_Driver/src/misc.o
 .debug_macro   0x00000b53       0x87 StdPeriph_Driver/src/misc.o
 .debug_macro   0x00000bda       0x51 StdPeriph_Driver/src/misc.o
 .debug_macro   0x00000c2b       0xef StdPeriph_Driver/src/misc.o
 .debug_macro   0x00000d1a       0x6a StdPeriph_Driver/src/misc.o
 .debug_macro   0x00000d84      0x1df StdPeriph_Driver/src/misc.o
 .debug_macro   0x00000f63       0x18 StdPeriph_Driver/src/misc.o
 .debug_macro   0x00000f7b       0x42 StdPeriph_Driver/src/misc.o
 .debug_macro   0x00000fbd      0x8cb StdPeriph_Driver/src/misc.o
 .debug_macro   0x00001888     0x8057 StdPeriph_Driver/src/misc.o
 .debug_macro   0x000098df       0x16 StdPeriph_Driver/src/misc.o
 .debug_macro   0x000098f5      0x44e StdPeriph_Driver/src/misc.o
 .debug_macro   0x00009d43      0x3cf StdPeriph_Driver/src/misc.o
 .debug_macro   0x0000a112      0x111 StdPeriph_Driver/src/misc.o
 .debug_macro   0x0000a223      0x182 StdPeriph_Driver/src/misc.o
 .debug_macro   0x0000a3a5       0xb2 StdPeriph_Driver/src/misc.o
 .debug_macro   0x0000a457      0x146 StdPeriph_Driver/src/misc.o
 .debug_macro   0x0000a59d      0x477 StdPeriph_Driver/src/misc.o
 .debug_macro   0x0000aa14       0xac StdPeriph_Driver/src/misc.o
 .debug_macro   0x0000aac0      0x241 StdPeriph_Driver/src/misc.o
 .debug_macro   0x0000ad01      0x279 StdPeriph_Driver/src/misc.o
 .debug_macro   0x0000af7a       0xb5 StdPeriph_Driver/src/misc.o
 .debug_macro   0x0000b02f      0x265 StdPeriph_Driver/src/misc.o
 .debug_macro   0x0000b294      0x2b1 StdPeriph_Driver/src/misc.o
 .debug_macro   0x0000b545       0x64 StdPeriph_Driver/src/misc.o
 .debug_macro   0x0000b5a9       0xa6 StdPeriph_Driver/src/misc.o
 .debug_macro   0x0000b64f      0x538 StdPeriph_Driver/src/misc.o
 .debug_macro   0x0000bb87       0x40 StdPeriph_Driver/src/misc.o
 .debug_macro   0x0000bbc7      0x57a StdPeriph_Driver/src/misc.o
 .debug_macro   0x0000c141      0x341 StdPeriph_Driver/src/misc.o
 .debug_macro   0x0000c482      0x36a StdPeriph_Driver/src/misc.o
 .debug_macro   0x0000c7ec       0xdf StdPeriph_Driver/src/misc.o
 .debug_macro   0x0000c8cb      0x73b StdPeriph_Driver/src/misc.o
 .debug_macro   0x0000d006      0x220 StdPeriph_Driver/src/misc.o
 .debug_macro   0x0000d226       0x34 StdPeriph_Driver/src/misc.o
 .debug_macro   0x0000d25a       0x35 StdPeriph_Driver/src/misc.o
 .debug_macro   0x0000d28f       0x79 StdPeriph_Driver/src/misc.o
 .debug_macro   0x0000d308      0x1c3 StdPeriph_Driver/src/stm32f4xx_gpio.o
 .debug_macro   0x0000d4cb      0x25f StdPeriph_Driver/src/stm32f4xx_gpio.o
 .debug_macro   0x0000d72a      0x267 StdPeriph_Driver/src/stm32f4xx_rcc.o
 .debug_macro   0x0000d991      0x532 StdPeriph_Driver/src/stm32f4xx_rcc.o
 .debug_macro   0x0000dec3      0x1ef StdPeriph_Driver/src/stm32f4xx_spi.o
 .debug_macro   0x0000e0b2      0x364 StdPeriph_Driver/src/stm32f4xx_spi.o
 .debug_macro   0x0000e416      0x1ed StdPeriph_Driver/src/stm32f4xx_tim.o
 .debug_macro   0x0000e603      0x735 StdPeriph_Driver/src/stm32f4xx_tim.o
 .debug_macro   0x0000ed38      0x1db StdPeriph_Driver/src/stm32f4xx_usart.o
 .debug_macro   0x0000ef13      0x21a StdPeriph_Driver/src/stm32f4xx_usart.o
 .debug_macro   0x0000f12d      0x20b src/main.o
 .debug_macro   0x0000f338       0x88 src/main.o
 .debug_macro   0x0000f3c0       0x16 src/main.o
 .debug_macro   0x0000f3d6       0xaf src/main.o
 .debug_macro   0x0000f485      0x107 src/main.o
 .debug_macro   0x0000f58c       0xfa src/main.o
 .debug_macro   0x0000f686      0x236 src/syscalls.o
 .debug_macro   0x0000f8bc       0x52 src/syscalls.o
 .debug_macro   0x0000f90e       0x8d src/syscalls.o
 .debug_macro   0x0000f99b       0x35 src/syscalls.o
 .debug_macro   0x0000f9d0       0x9c src/syscalls.o
 .debug_macro   0x0000fa6c       0x57 src/syscalls.o
 .debug_macro   0x0000fac3      0x174 src/syscalls.o
 .debug_macro   0x0000fc37      0x330 src/syscalls.o
 .debug_macro   0x0000ff67       0x58 src/syscalls.o
 .debug_macro   0x0000ffbf       0x1f src/syscalls.o
 .debug_macro   0x0000ffde       0x43 src/syscalls.o
 .debug_macro   0x00010021       0x20 src/syscalls.o
 .debug_macro   0x00010041      0x187 src/syscalls.o
 .debug_macro   0x000101c8       0x10 src/syscalls.o
 .debug_macro   0x000101d8       0x35 src/syscalls.o
 .debug_macro   0x0001020d       0x10 src/syscalls.o
 .debug_macro   0x0001021d       0x10 src/syscalls.o
 .debug_macro   0x0001022d       0x10 src/syscalls.o
 .debug_macro   0x0001023d       0x1c src/syscalls.o
 .debug_macro   0x00010259       0x52 src/syscalls.o
 .debug_macro   0x000102ab       0x40 src/syscalls.o
 .debug_macro   0x000102eb       0x10 src/syscalls.o
 .debug_macro   0x000102fb       0x40 src/syscalls.o
 .debug_macro   0x0001033b       0xd7 src/syscalls.o
 .debug_macro   0x00010412       0x35 src/syscalls.o
 .debug_macro   0x00010447      0x122 src/syscalls.o
 .debug_macro   0x00010569       0x16 src/syscalls.o
 .debug_macro   0x0001057f       0x16 src/syscalls.o
 .debug_macro   0x00010595       0x29 src/syscalls.o
 .debug_macro   0x000105be       0x10 src/syscalls.o
 .debug_macro   0x000105ce      0x241 src/syscalls.o
 .debug_macro   0x0001080f       0x1c src/syscalls.o
 .debug_macro   0x0001082b       0x10 src/syscalls.o
 .debug_macro   0x0001083b       0x10 src/syscalls.o
 .debug_macro   0x0001084b       0x16 src/syscalls.o
 .debug_macro   0x00010861      0x18b src/syscalls.o
 .debug_macro   0x000109ec      0x159 src/syscalls.o
 .debug_macro   0x00010b45       0x16 src/syscalls.o
 .debug_macro   0x00010b5b       0x88 src/syscalls.o
 .debug_macro   0x00010be3      0x1e6 src/system_stm32f4xx.o
 .debug_macro   0x00010dc9      0x2a5 src/tm_stm32f4_delay.o
 .debug_macro   0x0001106e       0x58 src/tm_stm32f4_delay.o
 .debug_macro   0x000110c6      0x10e src/tm_stm32f4_delay.o
 .debug_macro   0x000111d4       0x8d src/tm_stm32f4_delay.o
 .debug_macro   0x00011261       0x35 src/tm_stm32f4_delay.o
 .debug_macro   0x00011296      0x1d2 src/tm_stm32f4_gpio.o
 .debug_macro   0x00011468       0xa9 src/tm_stm32f4_gpio.o
 .debug_macro   0x00011511      0x1fe src/tm_stm32f4_pcd8544.o
 .debug_macro   0x0001170f      0x1f3 src/tm_stm32f4_spi.o

.debug_line     0x00000000     0x6e88
 .debug_line    0x00000000      0x647 StdPeriph_Driver/src/misc.o
 .debug_line    0x00000647      0x75f StdPeriph_Driver/src/stm32f4xx_gpio.o
 .debug_line    0x00000da6      0x9a5 StdPeriph_Driver/src/stm32f4xx_rcc.o
 .debug_line    0x0000174b      0x859 StdPeriph_Driver/src/stm32f4xx_spi.o
 .debug_line    0x00001fa4      0xec1 StdPeriph_Driver/src/stm32f4xx_tim.o
 .debug_line    0x00002e65      0x8a4 StdPeriph_Driver/src/stm32f4xx_usart.o
 .debug_line    0x00003709      0x7e7 src/main.o
 .debug_line    0x00003ef0      0x5d4 src/syscalls.o
 .debug_line    0x000044c4      0x661 src/system_stm32f4xx.o
 .debug_line    0x00004b25      0x85f src/tm_stm32f4_delay.o
 .debug_line    0x00005384      0x7eb src/tm_stm32f4_gpio.o
 .debug_line    0x00005b6f      0x9ac src/tm_stm32f4_pcd8544.o
 .debug_line    0x0000651b      0x8f2 src/tm_stm32f4_spi.o
 .debug_line    0x00006e0d       0x7b startup/startup_stm32f4xx.o

.debug_str      0x00000000    0x5f687
 .debug_str     0x00000000    0x55f6e StdPeriph_Driver/src/misc.o
                              0x56110 (size before relaxing)
 .debug_str     0x00055f6e      0x288 StdPeriph_Driver/src/stm32f4xx_gpio.o
                              0x561bb (size before relaxing)
 .debug_str     0x000561f6      0xb03 StdPeriph_Driver/src/stm32f4xx_rcc.o
                              0x56a3c (size before relaxing)
 .debug_str     0x00056cf9      0x3c7 StdPeriph_Driver/src/stm32f4xx_spi.o
                              0x5647c (size before relaxing)
 .debug_str     0x000570c0      0xc1b StdPeriph_Driver/src/stm32f4xx_tim.o
                              0x56baf (size before relaxing)
 .debug_str     0x00057cdb      0x533 StdPeriph_Driver/src/stm32f4xx_usart.o
                              0x564cb (size before relaxing)
 .debug_str     0x0005820e     0x172e src/main.o
                              0x579ff (size before relaxing)
 .debug_str     0x0005993c     0x5123 src/syscalls.o
                               0x7d68 (size before relaxing)
 .debug_str     0x0005ea5f       0xd7 src/system_stm32f4xx.o
                              0x560f6 (size before relaxing)
 .debug_str     0x0005eb36      0x2e0 src/tm_stm32f4_delay.o
                              0x597cb (size before relaxing)
 .debug_str     0x0005ee16      0x29f src/tm_stm32f4_gpio.o
                              0x56760 (size before relaxing)
 .debug_str     0x0005f0b5      0x398 src/tm_stm32f4_pcd8544.o
                              0x57357 (size before relaxing)
 .debug_str     0x0005f44d      0x23a src/tm_stm32f4_spi.o
                              0x56eb4 (size before relaxing)

.comment        0x00000000       0x7f
 .comment       0x00000000       0x7f StdPeriph_Driver/src/misc.o
                                 0x80 (size before relaxing)
 .comment       0x0000007f       0x80 StdPeriph_Driver/src/stm32f4xx_gpio.o
 .comment       0x0000007f       0x80 StdPeriph_Driver/src/stm32f4xx_rcc.o
 .comment       0x0000007f       0x80 StdPeriph_Driver/src/stm32f4xx_spi.o
 .comment       0x0000007f       0x80 StdPeriph_Driver/src/stm32f4xx_tim.o
 .comment       0x0000007f       0x80 StdPeriph_Driver/src/stm32f4xx_usart.o
 .comment       0x0000007f       0x80 src/main.o
 .comment       0x0000007f       0x80 src/syscalls.o
 .comment       0x0000007f       0x80 src/system_stm32f4xx.o
 .comment       0x0000007f       0x80 src/tm_stm32f4_delay.o
 .comment       0x0000007f       0x80 src/tm_stm32f4_gpio.o
 .comment       0x0000007f       0x80 src/tm_stm32f4_pcd8544.o
 .comment       0x0000007f       0x80 src/tm_stm32f4_spi.o

.debug_frame    0x00000000     0x3298
 .debug_frame   0x00000000       0xd8 StdPeriph_Driver/src/misc.o
 .debug_frame   0x000000d8      0x23c StdPeriph_Driver/src/stm32f4xx_gpio.o
 .debug_frame   0x00000314      0x6d4 StdPeriph_Driver/src/stm32f4xx_rcc.o
 .debug_frame   0x000009e8      0x3f4 StdPeriph_Driver/src/stm32f4xx_spi.o
 .debug_frame   0x00000ddc      0xe54 StdPeriph_Driver/src/stm32f4xx_tim.o
 .debug_frame   0x00001c30      0x490 StdPeriph_Driver/src/stm32f4xx_usart.o
 .debug_frame   0x000020c0       0xe4 src/main.o
 .debug_frame   0x000021a4      0x2d4 src/syscalls.o
 .debug_frame   0x00002478       0x7c src/system_stm32f4xx.o
 .debug_frame   0x000024f4      0x1ec src/tm_stm32f4_delay.o
 .debug_frame   0x000026e0      0x274 src/tm_stm32f4_gpio.o
 .debug_frame   0x00002954      0x344 src/tm_stm32f4_pcd8544.o
 .debug_frame   0x00002c98      0x270 src/tm_stm32f4_spi.o
 .debug_frame   0x00002f08       0x20 c:/ac6/systemworkbench/plugins/fr.ac6.mcu.externaltools.arm-none.win32_1.15.0.201708311556/tools/compiler/bin/../lib/gcc/arm-none-eabi/6.3.1/../../../../arm-none-eabi/lib/thumb/v7e-m/fpv4-sp/hard\libc.a(lib_a-errno.o)
 .debug_frame   0x00002f28       0x2c c:/ac6/systemworkbench/plugins/fr.ac6.mcu.externaltools.arm-none.win32_1.15.0.201708311556/tools/compiler/bin/../lib/gcc/arm-none-eabi/6.3.1/../../../../arm-none-eabi/lib/thumb/v7e-m/fpv4-sp/hard\libc.a(lib_a-init.o)
 .debug_frame   0x00002f54       0x30 c:/ac6/systemworkbench/plugins/fr.ac6.mcu.externaltools.arm-none.win32_1.15.0.201708311556/tools/compiler/bin/../lib/gcc/arm-none-eabi/6.3.1/../../../../arm-none-eabi/lib/thumb/v7e-m/fpv4-sp/hard\libc.a(lib_a-malloc.o)
 .debug_frame   0x00002f84       0x58 c:/ac6/systemworkbench/plugins/fr.ac6.mcu.externaltools.arm-none.win32_1.15.0.201708311556/tools/compiler/bin/../lib/gcc/arm-none-eabi/6.3.1/../../../../arm-none-eabi/lib/thumb/v7e-m/fpv4-sp/hard\libc.a(lib_a-mallocr.o)
 .debug_frame   0x00002fdc       0x30 c:/ac6/systemworkbench/plugins/fr.ac6.mcu.externaltools.arm-none.win32_1.15.0.201708311556/tools/compiler/bin/../lib/gcc/arm-none-eabi/6.3.1/../../../../arm-none-eabi/lib/thumb/v7e-m/fpv4-sp/hard\libc.a(lib_a-mlock.o)
 .debug_frame   0x0000300c       0x2c c:/ac6/systemworkbench/plugins/fr.ac6.mcu.externaltools.arm-none.win32_1.15.0.201708311556/tools/compiler/bin/../lib/gcc/arm-none-eabi/6.3.1/../../../../arm-none-eabi/lib/thumb/v7e-m/fpv4-sp/hard\libc.a(lib_a-sbrkr.o)
 .debug_frame   0x00003038       0x5c c:/ac6/systemworkbench/plugins/fr.ac6.mcu.externaltools.arm-none.win32_1.15.0.201708311556/tools/compiler/bin/../lib/gcc/arm-none-eabi/6.3.1/../../../../arm-none-eabi/lib/thumb/v7e-m/fpv4-sp/hard\libc.a(lib_a-__call_atexit.o)
 .debug_frame   0x00003094       0x20 c:/ac6/systemworkbench/plugins/fr.ac6.mcu.externaltools.arm-none.win32_1.15.0.201708311556/tools/compiler/bin/../lib/gcc/arm-none-eabi/6.3.1/../../../../arm-none-eabi/lib/thumb/v7e-m/fpv4-sp/hard\libc.a(lib_a-atexit.o)
 .debug_frame   0x000030b4       0x34 c:/ac6/systemworkbench/plugins/fr.ac6.mcu.externaltools.arm-none.win32_1.15.0.201708311556/tools/compiler/bin/../lib/gcc/arm-none-eabi/6.3.1/../../../../arm-none-eabi/lib/thumb/v7e-m/fpv4-sp/hard\libc.a(lib_a-fini.o)
 .debug_frame   0x000030e8       0x74 c:/ac6/systemworkbench/plugins/fr.ac6.mcu.externaltools.arm-none.win32_1.15.0.201708311556/tools/compiler/bin/../lib/gcc/arm-none-eabi/6.3.1/../../../../arm-none-eabi/lib/thumb/v7e-m/fpv4-sp/hard\libc.a(lib_a-freer.o)
 .debug_frame   0x0000315c       0xb0 c:/ac6/systemworkbench/plugins/fr.ac6.mcu.externaltools.arm-none.win32_1.15.0.201708311556/tools/compiler/bin/../lib/gcc/arm-none-eabi/6.3.1/../../../../arm-none-eabi/lib/thumb/v7e-m/fpv4-sp/hard\libc.a(lib_a-lock.o)
 .debug_frame   0x0000320c       0x58 c:/ac6/systemworkbench/plugins/fr.ac6.mcu.externaltools.arm-none.win32_1.15.0.201708311556/tools/compiler/bin/../lib/gcc/arm-none-eabi/6.3.1/../../../../arm-none-eabi/lib/thumb/v7e-m/fpv4-sp/hard\libc.a(lib_a-reent.o)
 .debug_frame   0x00003264       0x34 c:/ac6/systemworkbench/plugins/fr.ac6.mcu.externaltools.arm-none.win32_1.15.0.201708311556/tools/compiler/bin/../lib/gcc/arm-none-eabi/6.3.1/../../../../arm-none-eabi/lib/thumb/v7e-m/fpv4-sp/hard\libc.a(lib_a-__atexit.o)
